// Jest Snapshot v1, https://goo.gl/fbAQLP

exports[`matches snapshots 1`] = `
<div
  className="wrapper"
>
  <div
    className="container"
  >
    <ResizeDetector
      handleHeight={true}
      handleWidth={false}
      nodeType="div"
      onResize={[Function]}
      querySelector={null}
      refreshRate={1000}
      skipOnMount={false}
      targetDomEl={null}
    />
    <div
      className="line"
      key="0"
    >
      <ConsoleMessage
        message="Hello World"
        type="log"
      />
    </div>
  </div>
</div>
`;
