// Jest Snapshot v1, https://goo.gl/fbAQLP

exports[`matches snapshots 1`] = `
<div
  className="wrapper"
>
  <div
    className="container"
  >
    <div
      className="line"
      key="0"
    >
      <ConsoleMessage
        message="Hello World"
      />
    </div>
    <div
      className="line"
      key="2"
    >
      <ConsoleMessage
        message=""
      />
    </div>
    <div
      className="line"
      key="3"
    >
      <ConsoleMessage
        message=""
      />
    </div>
    <div
      className="line"
      key="4"
    >
      <ConsoleMessage
        message=""
      />
    </div>
  </div>
</div>
`;
